// Jest Snapshot v1, https://goo.gl/fbAQLP

exports[`renders App 1`] = `
<div
  class="App"
  data-testid="app"
>
  <div>
    <form
      aria-label="form"
    >
      <br />
       
      <br />
      <label
        for="title"
      >
        Title:
      </label>
      <input
        id="title"
        name="title"
      />
      <br />
       
      <br />
      <label
        for="description"
      >
        Description:
      </label>
      <textarea
        id="description"
        name="description"
      />
      <br />
       
      <br />
      <button>
        SUBMIT
      </button>
    </form>
  </div>
  <div />
</div>
`;
